npm warn ERESOLVE overriding peer dependency
npm warn While resolving: react-native@0.86.0
npm warn Found: react@19.2.0
npm warn node_modules/react
npm warn   react@"19.2.0" from the root project
npm warn   75 more (@expo/devtools, @expo/dom-webview, @expo/log-box, ...)
npm warn
npm warn Could not resolve dependency:
npm warn peer react@"^19.2.3" from react-native@0.86.0
npm warn node_modules/react-native/node_modules/react-native
npm warn   peer react-native@"*" from @react-native/virtualized-lists@0.83.6
npm warn   node_modules/react-native/node_modules/@react-native/virtualized-lists
npm warn   1 more (@react-native/virtualized-lists)
npm warn
npm warn Conflicting peer dependency: react@19.2.7
npm warn node_modules/react
npm warn   peer react@"^19.2.3" from react-native@0.86.0
npm warn   node_modules/react-native/node_modules/react-native
npm warn     peer react-native@"*" from @react-native/virtualized-lists@0.83.6
npm warn     node_modules/react-native/node_modules/@react-native/virtualized-lists
npm warn     1 more (@react-native/virtualized-lists)

added 11 packages, removed 9 packages, and audited 997 packages in 12s

166 packages are looking for funding
  run `npm fund` for details

# npm audit report

js-yaml  <=4.1.1
Severity: moderate
JS-YAML: Quadratic-complexity DoS in merge key handling via repeated aliases - https://github.com/advisories/GHSA-
fix available via `npm audit fix --force`
Will install react-native@0.86.0, which is a breaking change
node_modules/js-yaml
  @istanbuljs/load-nyc-config  *
  Depends on vulnerable versions of js-yaml
  node_modules/@istanbuljs/load-nyc-config
    babel-plugin-istanbul  >=6.0.0-beta.0
    Depends on vulnerable versions of @istanbuljs/load-nyc-config
    node_modules/babel-plugin-istanbul
      @jest/transform  >=25.1.0
      Depends on vulnerable versions of babel-plugin-istanbul
      node_modules/@jest/transform
      babel-jest  >=25.1.0
      Depends on vulnerable versions of @jest/transform
      Depends on vulnerable versions of babel-plugin-istanbul
      node_modules/babel-jest
        react-native  0.76.0-nightly-20240627-TEMP - 0.85.0-rc.7
        Depends on vulnerable versions of babel-jest
        node_modules/react-native

uuid  <11.1.1
Severity: moderate
uuid: Missing buffer bounds check in v3/v5/v6 when buf is provided - https://github.com/advisories/GHSA-w5hq-g745-h8pq
fix available via `npm audit fix --force`
Will install expo@46.0.21, which is a breaking change
node_modules/uuid
  xcode  >=0.9.2
  Depends on vulnerable versions of uuid
  node_modules/xcode
    @expo/config-plugins  *
    Depends on vulnerable versions of xcode
    node_modules/@expo/config-plugins
      @expo/cli  <=0.0.0-canary-20231123-1b19f96-4 || >=0.0.1-canary-20231125-d600e44
      Depends on vulnerable versions of @expo/config
      Depends on vulnerable versions of @expo/config-plugins
      Depends on vulnerable versions of @expo/metro-config
      Depends on vulnerable versions of @expo/prebuild-config
      node_modules/@expo/cli
        expo  40.0.0-alpha.0 - 40.0.0-beta.5 || >=41.0.0-alpha.0
        Depends on vulnerable versions of @expo/cli
        Depends on vulnerable versions of @expo/config
        Depends on vulnerable versions of @expo/config-plugins
        Depends on vulnerable versions of @expo/local-build-cache-provider
        Depends on vulnerable versions of @expo/metro-config
        node_modules/expo
      @expo/config  <=0.0.1-canary-20240418-8d74597 || >=3.3.23-alpha.0
      Depends on vulnerable versions of @expo/config-plugins
      node_modules/@expo/config
        @expo/local-build-cache-provider  *
        Depends on vulnerable versions of @expo/config
        node_modules/@expo/local-build-cache-provider
        @expo/metro-config  <=0.0.1-canary-20240418-8d74597 || >=0.1.49-alpha.0
        Depends on vulnerable versions of @expo/config
        node_modules/@expo/metro-config
      @expo/prebuild-config  *
      Depends on vulnerable versions of @expo/config
      Depends on vulnerable versions of @expo/config-plugins
      node_modules/@expo/prebuild-config
        expo-splash-screen  <=0.0.1-canary-20240418-8d74597 || 0.11.0 - 56.0.0-canary-20260506-964f25d
        Depends on vulnerable versions of @expo/prebuild-config
        node_modules/expo-splash-screen

16 moderate severity vulnerabilities

To address issues that do not require attention, run:
  npm audit fix

To address all issues (including breaking changes), run:
  npm audit fix --force
npm notice
npm notice New major version of npm available! 10.9.8 -> 11.17.0
npm notice Changelog: https://github.com/npm/cli/releases/tag/v11.17.0
npm notice To update run: npm install -g npm@11.17.0
npm notice
